2025-11-03 20:39:38,676 — explainability_logger — INFO — Starting Explainability Pipeline
2025-11-03 20:39:38,676 — explainability_logger — INFO — Loading trained model and test data...
2025-11-03 20:39:38,847 — explainability_logger — INFO — Data loaded successfully: 6000 samples, 23 features.
2025-11-03 20:39:38,847 — explainability_logger — INFO — Initializing SHAP explainability...
2025-11-03 21:07:28,998 — explainability_logger — INFO — SHAP values generated successfully.
2025-11-03 21:07:29,000 — explainability_logger — INFO — Generating global SHAP plots...
2025-11-03 21:07:31,031 — explainability_logger — INFO — Saved SHAP bar plot: ./reports/figures\shap_feature_importance_bar.png
2025-11-03 21:07:33,513 — explainability_logger — INFO — Saved SHAP summary plot: ./reports/figures\shap_summary_plot.png
2025-11-03 21:07:33,515 — explainability_logger — INFO — Generating local SHAP explanations for sample index 10...
2025-11-03 21:07:53,765 — explainability_logger — INFO — Saved local SHAP force plot: ./reports/figures\shap_local_force_10.png
2025-11-03 21:07:54,464 — explainability_logger — INFO — Saved local SHAP waterfall plot: ./reports/figures\shap_local_waterfall_10.png
2025-11-03 21:07:54,465 — explainability_logger — INFO — Generating SHAP dependence plots...
2025-11-03 21:07:54,466 — explainability_logger — INFO — Creating dependence plot for feature: PAY_2
2025-11-03 21:07:55,359 — explainability_logger — INFO — Saved dependence plot for feature PAY_2: ./reports/figures\shap_dependence_PAY_2.png
2025-11-03 21:07:55,361 — explainability_logger — INFO — Creating dependence plot for feature: PAY_4
2025-11-03 21:07:56,183 — explainability_logger — INFO — Saved dependence plot for feature PAY_4: ./reports/figures\shap_dependence_PAY_4.png
2025-11-03 21:07:56,184 — explainability_logger — INFO — Creating dependence plot for feature: LIMIT_BAL
2025-11-03 21:07:57,051 — explainability_logger — INFO — Saved dependence plot for feature LIMIT_BAL: ./reports/figures\shap_dependence_LIMIT_BAL.png
2025-11-03 21:07:57,051 — explainability_logger — INFO — Creating dependence plot for feature: EDUCATION
2025-11-03 21:07:57,888 — explainability_logger — INFO — Saved dependence plot for feature EDUCATION: ./reports/figures\shap_dependence_EDUCATION.png
2025-11-03 21:07:57,889 — explainability_logger — INFO — Creating dependence plot for feature: PAY_AMT1
2025-11-03 21:07:58,705 — explainability_logger — INFO — Saved dependence plot for feature PAY_AMT1: ./reports/figures\shap_dependence_PAY_AMT1.png
2025-11-03 21:07:58,706 — explainability_logger — INFO — Explainability analysis completed successfully!
2025-11-03 21:07:58,706 — explainability_logger — INFO — Explainability Pipeline Finished
2025-11-04 02:26:45,320 — explainability_logger — INFO — Starting Explainability Pipeline
2025-11-04 02:26:45,361 — explainability_logger — INFO — Loading trained model and test data...
2025-11-04 02:26:45,510 — explainability_logger — INFO — Data loaded successfully: 6000 samples, 23 features.
2025-11-04 02:26:45,512 — explainability_logger — INFO — Initializing SHAP explainability...
2025-11-04 02:27:19,983 — explainability_logger — INFO — Starting Explainability Pipeline
2025-11-04 02:27:19,984 — explainability_logger — INFO — Loading trained model and test data...
2025-11-04 02:27:20,114 — explainability_logger — INFO — Data loaded successfully: 6000 samples, 23 features.
2025-11-04 02:27:20,114 — explainability_logger — INFO — Initializing SHAP explainability...
2025-11-04 03:07:39,348 — explainability_logger — INFO — SHAP values generated successfully.
2025-11-04 03:07:39,348 — explainability_logger — INFO — Generating global SHAP plots...
2025-11-04 03:07:40,123 — explainability_logger — INFO — Saved SHAP bar plot: ./reports/figures\shap_feature_importance_bar.png
2025-11-04 03:07:47,414 — explainability_logger — INFO — Saved SHAP summary plot: ./reports/figures\shap_summary_plot.png
2025-11-04 03:07:47,416 — explainability_logger — INFO — Generating local SHAP plots for sample index 10...
2025-11-04 03:07:50,813 — explainability_logger — INFO — Saved local plots: ./reports/figures\shap_local_force_10.png, ./reports/figures\shap_local_waterfall_10.png
2025-11-04 03:07:50,813 — explainability_logger — INFO — Generating SHAP dependence plots...
2025-11-04 03:07:52,662 — explainability_logger — INFO — Saved dependence plot for feature PAY_2: ./reports/figures\shap_dependence_PAY_2.png
2025-11-04 03:07:54,568 — explainability_logger — INFO — Saved dependence plot for feature PAY_4: ./reports/figures\shap_dependence_PAY_4.png
2025-11-04 03:07:56,329 — explainability_logger — INFO — Saved dependence plot for feature EDUCATION: ./reports/figures\shap_dependence_EDUCATION.png
2025-11-04 03:07:58,146 — explainability_logger — INFO — Saved dependence plot for feature LIMIT_BAL: ./reports/figures\shap_dependence_LIMIT_BAL.png
2025-11-04 03:07:59,952 — explainability_logger — INFO — Saved dependence plot for feature PAY_AMT1: ./reports/figures\shap_dependence_PAY_AMT1.png
2025-11-04 03:07:59,966 — explainability_logger — INFO — Explainability analysis completed successfully!
2025-11-04 03:07:59,966 — explainability_logger — INFO — Explainability Pipeline Finished
2025-11-04 03:08:18,788 — explainability_logger — INFO — SHAP values generated successfully.
2025-11-04 03:08:18,789 — explainability_logger — INFO — Generating global SHAP plots...
2025-11-04 03:08:19,195 — explainability_logger — INFO — Saved SHAP bar plot: ./reports/figures\shap_feature_importance_bar.png
2025-11-04 03:08:22,525 — explainability_logger — INFO — Saved SHAP summary plot: ./reports/figures\shap_summary_plot.png
2025-11-04 03:08:22,525 — explainability_logger — INFO — Generating local SHAP plots for sample index 10...
2025-11-04 03:08:24,075 — explainability_logger — INFO — Saved local plots: ./reports/figures\shap_local_force_10.png, ./reports/figures\shap_local_waterfall_10.png
2025-11-04 03:08:24,092 — explainability_logger — INFO — Generating SHAP dependence plots...
2025-11-04 03:08:24,858 — explainability_logger — INFO — Saved dependence plot for feature PAY_2: ./reports/figures\shap_dependence_PAY_2.png
2025-11-04 03:08:25,574 — explainability_logger — INFO — Saved dependence plot for feature PAY_4: ./reports/figures\shap_dependence_PAY_4.png
2025-11-04 03:08:26,308 — explainability_logger — INFO — Saved dependence plot for feature EDUCATION: ./reports/figures\shap_dependence_EDUCATION.png
2025-11-04 03:08:27,041 — explainability_logger — INFO — Saved dependence plot for feature LIMIT_BAL: ./reports/figures\shap_dependence_LIMIT_BAL.png
2025-11-04 03:08:27,778 — explainability_logger — INFO — Saved dependence plot for feature PAY_AMT1: ./reports/figures\shap_dependence_PAY_AMT1.png
2025-11-04 03:08:27,778 — explainability_logger — INFO — Explainability analysis completed successfully!
2025-11-04 03:08:27,778 — explainability_logger — INFO — Explainability Pipeline Finished
2025-11-04 03:12:37,878 — explainability_logger — INFO — Starting Explainability Pipeline
2025-11-04 03:12:37,878 — explainability_logger — INFO — Loading trained model and test data...
2025-11-04 03:12:38,037 — explainability_logger — INFO — Data loaded successfully: 6000 samples, 23 features.
2025-11-04 03:12:38,050 — explainability_logger — INFO — Initializing SHAP explainability...
2025-11-04 03:40:08,036 — explainability_logger — INFO — SHAP values generated successfully.
2025-11-04 03:40:08,036 — explainability_logger — INFO — Generating global SHAP plots...
2025-11-04 03:40:08,329 — explainability_logger — INFO — Saved SHAP bar plot: ./reports/figures\shap_feature_importance_bar.png
2025-11-04 03:40:11,607 — explainability_logger — INFO — Saved SHAP summary plot: ./reports/figures\shap_summary_plot.png
2025-11-04 03:40:11,607 — explainability_logger — INFO — Generating local SHAP plots for sample index 10...
2025-11-04 03:40:12,760 — explainability_logger — INFO — Saved local plots: ./reports/figures\shap_local_force_10.png, ./reports/figures\shap_local_waterfall_10.png
2025-11-04 03:40:12,760 — explainability_logger — INFO — Generating SHAP dependence plots...
2025-11-04 03:40:13,427 — explainability_logger — INFO — Saved dependence plot for feature PAY_2: ./reports/figures\shap_dependence_PAY_2.png
2025-11-04 03:40:14,093 — explainability_logger — INFO — Saved dependence plot for feature PAY_4: ./reports/figures\shap_dependence_PAY_4.png
2025-11-04 03:40:14,760 — explainability_logger — INFO — Saved dependence plot for feature EDUCATION: ./reports/figures\shap_dependence_EDUCATION.png
2025-11-04 03:40:15,743 — explainability_logger — INFO — Saved dependence plot for feature LIMIT_BAL: ./reports/figures\shap_dependence_LIMIT_BAL.png
2025-11-04 03:40:16,593 — explainability_logger — INFO — Saved dependence plot for feature PAY_AMT1: ./reports/figures\shap_dependence_PAY_AMT1.png
2025-11-04 03:40:16,593 — explainability_logger — INFO — Explainability analysis completed successfully!
2025-11-04 03:40:16,593 — explainability_logger — INFO — Explainability Pipeline Finished
